// Jest Snapshot v1, https://goo.gl/fbAQLP

exports[`Notifications Component should match the snapshot 1`] = `
<div
  className="Notifications"
>
  <p>
    Here is the list of notifications
  </p>
  <ul>
    <li
      data-priority="default"
    >
      New course available
    </li>
    <li
      data-priority="urgent"
    >
      New resume available
    </li>
    <li
      dangerouslySetInnerHTML={
        Object {
          "__html": "<strong>Urgent requirement</strong> - complete by EOD",
        }
      }
    />
  </ul>
  <button
    aria-label="Close"
    onClick={[Function]}
    style={
      Object {
        "backgroundColor": "#fff",
        "float": "right",
        "marginRight": "-0.5em",
        "marginTop": "-9.5em",
      }
    }
  >
    <img
      alt="close icon"
      height="15px"
      src={
        Object {
          "default": "mock-file",
        }
      }
      width="13px"
    />
  </button>
</div>
`;
